---
source: prql-compiler/src/semantic/resolver.rs
expression: "resolve_derive(r#\"\n            func subtract a b -> a - b\n\n            from employees\n            derive [\n                net_salary = subtract gross_salary tax\n            ]\n            \"#).unwrap()"
---
- Binary:
    left:
      Ident:
        path: []
        name: gross_salary
      ty: Infer
    op: Sub
    right:
      Ident:
        path: []
        name: tax
      ty: Infer
  ty:
    Literal: Column
  alias: net_salary

