---
source: prql-compiler/src/lib.rs
expression: sql
---
SELECT
  title,
  country,
  AVG(salary),
  SUM(salary),
  AVG(gross_salary),
  SUM(gross_salary),
  AVG(gross_cost),
  SUM(gross_cost) AS sum_gross_cost,
  COUNT(*) AS ct
FROM
  employees
WHERE
  country = 'USA'
  AND salary + payroll_tax + benefits_cost > 0
HAVING
  COUNT(*) > 200
ORDER BY
  sum_gross_cost
LIMIT
  20
